
[32mSuccess![0m[0m 0 passed, 0 failed.
